{
  "return_code": 0,
  "stdout": "Загрузка программы: /tmp/tempfile/program.bin\nЗагружено 7 инструкций\nЗагрузка данных: /tmp/tempfile/program_data.bin\nЗагружено 14 байт данных\nЗапуск выполнения (максимум 1000000 тактов)...\n\n=== РЕЗУЛЬТАТЫ ВЫПОЛНЕНИЯ ===\nСостояние: halted\nВыполнено инструкций: 3\nЗатрачено тактов: 8\nФинальный PC: 2\n\nВЫВОД ПРОГРАММЫ:\nHello, World!\n\nПрограмма завершена успешно.\n",
  "stderr": ""
}