{
  "return_code": 0,
  "stdout": "Загрузка программы: /tmp/tempfile/program.bin\nЗагружено 50 инструкций\nЗагрузка данных: /tmp/tempfile/program_data.bin\nЗагружено 136 байт данных\nЗапуск выполнения (максимум 1000000 тактов)...\n\n=== РЕЗУЛЬТАТЫ ВЫПОЛНЕНИЯ ===\nСостояние: halted\nВыполнено инструкций: 6\nЗатрачено тактов: 16\nФинальный PC: 5\n\nВЫВОД ПРОГРАММЫ:\n[208][148][208][181][208][188][208][190][208][189][209][129][209][130][209][128][208][176][209][134][208][184][209][143] [209][129][208][184][209][129][209][130][208][181][208][188][209][139] [208][191][209][128][208][181][209][128][209][139][208][178][208][176][208][189][208][184][208][185]\n\nПрограмма завершена успешно.\n",
  "stderr": ""
}